  console.log
    authorize signature: () => null

      at Object.<anonymous> (__tests__/auth.test.ts:115:17)

  console.log
    Returned user: null

      at Object.<anonymous> (__tests__/auth.test.ts:117:17)

npx : FAIL __tests__/auth.test.ts
At line:1 char:1
+ npx jest __tests__/auth.test.ts > test_output.txt 2>&1
+ ~~~~~~~~~~~~~~~~~~~~~~~~~~~~~~~~~~~~~~~~~~~~~~~~~~~~~~
    + CategoryInfo          : NotSpecified: (FAIL __tests__/auth.test.ts:String) [], RemoteException
    + FullyQualifiedErrorId : NativeCommandError
 
  Auth Helpers - Password hashing (Regression)
    ΓêÜ should produce a bcrypt hash from a plaintext password (585 ms)
  Auth Helpers - Account status check (Regression)
    ΓêÜ should return true for ACTIVE account (1 ms)
  Auth - AC5: Role hierarchy (hasRequiredRole)
    ΓêÜ PRESIDENT should have access to SG-only resources
    ΓêÜ SG_ADJOINT should have access to SG-only resources
    ΓêÜ TRESORIER_ADJOINT should have access to TREASURER-only resources (1 ms)
    ΓêÜ MEMBER should NOT have access to SG resources
    ΓêÜ SG and TREASURER should have access to MEMBER resources
  NextAuth - authorize callback (AC3 & AC4)
    ΓêÜ should block a PENDING_ACTIVATION account (1 ms)
    ├ù should allow an INACTIVE account and an ACTIVE account (522 ms)
  NextAuth - jwt and session callbacks
    ΓêÜ should include role and status in the JWT token payload (2 ms)
    ΓêÜ should expose role and status in session from JWT token (1 ms)
  Middleware - Route protection (AC1, AC2)
    ΓêÜ unauthenticated user accessing /admin should be redirected to /login (8 ms)
    ΓêÜ MEMBER accessing /admin should be redirected to /dashboard (AC1) (2 ms)
    ΓêÜ SG accessing /admin should be allowed through (AC2) (1 ms)
    ΓêÜ unauthenticated user accessing /dashboard should be redirected to /login (1 ms)
    ΓêÜ authenticated user accessing /dashboard should be allowed through (1 ms)

  ΓùÅ NextAuth - authorize callback (AC3 & AC4) ΓÇ║ should allow an INACTIVE account and an ACTIVE account

    expect(received).toBe(expected) // Object.is equality

    Expected: "INACTIVE"
    Received: undefined

    [0m [90m 118 |[39m         expect(user)[33m.[39mtoBeDefined()[33m;[39m
     [90m 119 |[39m         [90m// Since we did not provide req, we just ensure it returns the user object and not 
null[39m
    [31m[1m>[22m[39m[90m 120 |[39m         
expect(user[33m?[39m[33m.[39mstatus)[33m.[39mtoBe([32m"INACTIVE"[39m)[33m;[39m
     [90m     |[39m                              [31m[1m^[22m[39m
     [90m 121 |[39m     })[33m;[39m
     [90m 122 |[39m })[33m;[39m
     [90m 123 |[39m[0m

      at Object.<anonymous> (__tests__/auth.test.ts:120:30)

Test Suites: 1 failed, 1 total
Tests:       1 failed, 15 passed, 16 total
Snapshots:   0 total
Time:        2.514 s, estimated 3 s
Ran all test suites matching /__tests__\\auth.test.ts/i.
